T:logs P:0 K:markg V:{"data":"Infof using logrus","id":"ZJoMaGYU+nZjoHMEqeJjkwqhqq8IRcSEprTUm28Kh70=","source":"http://github.com/pavedroad-io/go-core/logger","specversion":"1.0","subject":"info","type":"io.pavedroad.cloudevents.log"}
T:logs P:0 K:markg V:{"data":"Warnf using logrus","id":"RDf1d/Jyejdpx6MIisYTBKxJ4hCpxY46TKxXmVlc3S0=","source":"http://github.com/pavedroad-io/go-core/logger","specversion":"1.0","subject":"warning","type":"io.pavedroad.cloudevents.log"}
T:logs P:0 K:markg V:{"data":"Errorf using logrus","id":"JEa+uI73YkprsWauBswCVzF9XiPzIn50C1jS5WyqqYA=","source":"http://github.com/pavedroad-io/go-core/logger","specversion":"1.0","subject":"error","type":"io.pavedroad.cloudevents.log"}
T:logs P:0 K:markg V:{"data":"Print usinglogrus","id":"Jv6m5N4J82RAD3qOsxQN6/jTQFl0TmGA7g1MHfC/oGA=","source":"http://github.com/pavedroad-io/go-core/logger","specversion":"1.0","subject":"info","type":"io.pavedroad.cloudevents.log"}
T:logs P:0 K:markg V:{"data":"Printf using logrus","id":"88OtOEBw+Pa64znZaxjfYpKMLekISsDmwAbCEMayYDg=","source":"http://github.com/pavedroad-io/go-core/logger","specversion":"1.0","subject":"info","type":"io.pavedroad.cloudevents.log"}
T:logs P:0 K:markg V:{"data":"Println using logrus","id":"sKz/cIzCpQliE7dqigyuldf00+1UV7b+865D4VriYno=","source":"http://github.com/pavedroad-io/go-core/logger","specversion":"1.0","subject":"info","type":"io.pavedroad.cloudevents.log"}
