{"level":"\u001b[34mINFO\u001b[0m","msg":"Infof using zap","source":"http://github.com/pavedroad-io/core/go/logger","specversion":"1.0","type":"io.pavedroad.cloudevents.log"}
{"level":"\u001b[33mWARN\u001b[0m","msg":"Warnf using zap","source":"http://github.com/pavedroad-io/core/go/logger","specversion":"1.0","type":"io.pavedroad.cloudevents.log"}
{"level":"\u001b[31mERROR\u001b[0m","msg":"Errorf using zap","source":"http://github.com/pavedroad-io/core/go/logger","specversion":"1.0","type":"io.pavedroad.cloudevents.log"}
{"level":"\u001b[34mINFO\u001b[0m","msg":"Print usingzap","source":"http://github.com/pavedroad-io/core/go/logger","specversion":"1.0","type":"io.pavedroad.cloudevents.log"}
{"level":"\u001b[34mINFO\u001b[0m","msg":"Printf using zap","source":"http://github.com/pavedroad-io/core/go/logger","specversion":"1.0","type":"io.pavedroad.cloudevents.log"}
{"level":"\u001b[34mINFO\u001b[0m","msg":"Println using zap","source":"http://github.com/pavedroad-io/core/go/logger","specversion":"1.0","type":"io.pavedroad.cloudevents.log"}
