T:test P:0 K:user V:{"data":"Infof using zap","id":"WaPPcV92nD9lsrSsPsU74i4KqsZGP+2qASS560Bv6Pk=","source":"http://github.com/pavedroad-io/core/go/logger","specversion":"1.0","subject":"info","type":"io.pavedroad.cloudevents.log"}
T:test P:0 K:user V:{"data":"Warnf using zap","id":"/zWI88yMrcYLqJOr6Qx0WJW04UqrQp5Kc+/mH/0YyC4=","source":"http://github.com/pavedroad-io/core/go/logger","specversion":"1.0","subject":"warn","type":"io.pavedroad.cloudevents.log"}
T:test P:0 K:user V:{"data":"Errorf using zap","id":"GcDSmzua1fv0lFyA0jfJBQkQ9sRnJ6iEHer88+y3Bro=","source":"http://github.com/pavedroad-io/core/go/logger","specversion":"1.0","subject":"error","type":"io.pavedroad.cloudevents.log"}
T:test P:0 K:user V:{"data":"Print usingzap","id":"AwuKjX6RJVlrdmSbbjUnHtq3BaMLWamvkyDeLN/FuCI=","source":"http://github.com/pavedroad-io/core/go/logger","specversion":"1.0","subject":"info","type":"io.pavedroad.cloudevents.log"}
T:test P:0 K:user V:{"data":"Printf using zap","id":"ZRY8sKrkjjscFL5y/9+kH+O2uZ4vrYhQ9qGmSUpuveA=","source":"http://github.com/pavedroad-io/core/go/logger","specversion":"1.0","subject":"info","type":"io.pavedroad.cloudevents.log"}
T:test P:0 K:user V:{"data":"Println using zap","id":"BUoPJouQp5aaHPLl5PmfwwZk1VJUKmKCz7L2j5VQvkE=","source":"http://github.com/pavedroad-io/core/go/logger","specversion":"1.0","subject":"info","type":"io.pavedroad.cloudevents.log"}
